// Jest Snapshot v1, https://goo.gl/fbAQLP

exports[`should match the snapshot 1`] = `
<div
  className="jsx-3272633064 bubble left"
>
  <span
    className="text"
    style={Object {}}
  />
  <span
    className="jsx-1805036463 left"
    style={Object {}}
  >
    Invalid Date
  </span>
</div>
`;
