// Jest Snapshot v1, https://goo.gl/fbAQLP

exports[`should match the snapshot 1`] = `
<span
  className="jsx-2099417310 left"
>
  Invalid Date
</span>
`;
